=== El Atelier ===

╭─────────────────────────────────╮
│ MiProyecto  ·  ahora mismo      │
│ Pergaminos gastados: USD 0.0000 │
│   2 sub-agentes (abiertos)      │
╰─────────────────────────────────╯
    · sub-MiProyecto  ahora mismo  Pergaminos gastados: USD 0.0000
    · sub-MiProyecto  ahora mismo  Pergaminos gastados: USD 0.0000
  1-9: ir al tile  ·  j/k: navegar  ·  enter: zoom  ·  o/c: abrir/cerrar  ·  esc: volver