=== Historial ===


│ [git]  2026-05-04  feat: add daily driver pack screens
│ abc1234

  [sdd]  2026-05-04  sdd/atelier-daily-driver-pack/archive-report
  42

  [git]  2026-05-03  fix: memory browser filter precedence
  def5678

  [git]  2026-05-02  refactor: extract commands_daily
  ghi9012








  enter: abrir  ·  esc: volver